../Core/Src/main.c:84:5:main	8	static
../Core/Src/main.c:124:6:UART_Send_String	16	static
../Core/Src/main.c:134:6:StartProcess	8	static
../Core/Src/main.c:150:6:HAL_GPIO_EXTI_Callback	16	static
../Core/Src/main.c:165:6:StartTaskADC	120	static
../Core/Src/main.c:210:6:StartTaskCalc	136	static
../Core/Src/main.c:251:6:StartTaskSend	240	static
../Core/Src/main.c:307:6:SystemClock_Config	88	static
../Core/Src/main.c:342:13:MX_ADC1_Init	24	static
../Core/Src/main.c:377:13:MX_USART2_UART_Init	8	static
../Core/Src/main.c:398:13:MX_GPIO_Init	40	static
../Core/Src/main.c:422:6:HAL_TIM_PeriodElapsedCallback	16	static
../Core/Src/main.c:434:6:Error_Handler	4	static,ignoring_inline_asm
