../Core/Src/main.c:97:5:main	8	static
../Core/Src/main.c:188:6:SystemClock_Config	88	static
../Core/Src/main.c:230:13:MX_USART2_UART_Init	8	static
../Core/Src/main.c:263:13:MX_GPIO_Init	40	static
../Core/Src/main.c:311:1:HAL_GPIO_EXTI_Callback	64	static
../Core/Src/main.c:325:6:StartTask1	48	static
../Core/Src/main.c:348:6:StartTask2	48	static
../Core/Src/main.c:370:6:StartTask3	48	static
../Core/Src/main.c:393:6:HAL_TIM_PeriodElapsedCallback	16	static
../Core/Src/main.c:411:6:Error_Handler	4	static,ignoring_inline_asm
