../Core/Src/main.c:93:6:HAL_GPIO_EXTI_Callback	64	static
../Core/Src/main.c:109:5:main	8	static
../Core/Src/main.c:203:6:SystemClock_Config	88	static
../Core/Src/main.c:245:13:MX_USART2_UART_Init	8	static
../Core/Src/main.c:278:13:MX_GPIO_Init	40	static
../Core/Src/main.c:315:6:StartTask1	152	static
../Core/Src/main.c:353:6:StartTask2	152	static
../Core/Src/main.c:393:6:StartTask3	152	static
../Core/Src/main.c:433:6:StartTask4	152	static
../Core/Src/main.c:474:6:HAL_TIM_PeriodElapsedCallback	16	static
../Core/Src/main.c:491:6:Error_Handler	4	static,ignoring_inline_asm
