../Core/Src/main.c:85:6:HAL_GPIO_EXTI_Callback	64	static
../Core/Src/main.c:101:5:main	8	static
../Core/Src/main.c:192:6:SystemClock_Config	88	static
../Core/Src/main.c:234:13:MX_USART2_UART_Init	8	static
../Core/Src/main.c:267:13:MX_GPIO_Init	40	static
../Core/Src/main.c:304:6:StartTask1	104	static
../Core/Src/main.c:341:6:StartTask2	104	static
../Core/Src/main.c:378:6:StartTask3	104	static
../Core/Src/main.c:417:6:HAL_TIM_PeriodElapsedCallback	16	static
../Core/Src/main.c:434:6:Error_Handler	4	static,ignoring_inline_asm
